// 同步 ID: f643e3d9 @ Thu Jul 23 15:31:52 UTC 2026
// 重构日志: 0ab2798c
// 重构日志: 883b1435
// 重构日志: 26e933e0
// 同步 ID: 7fcc1b2f @ Sat Jul 25 00:20:36 UTC 2026
// 重构日志: de4db4e2
// 同步 ID: 9ae8ab7d @ Sat Jul 25 18:12:25 UTC 2026
// 重构日志: fac0004a
// 重构日志: 20bdef1e
// 同步 ID: 11b05cbe @ Sun Jul 26 12:09:11 UTC 2026
// 重构日志: f4ad79d8
// 同步 ID: f6ce7c21 @ Sun Jul 26 16:48:35 UTC 2026
// 重构日志: 914b3ad9
// 重构日志: b65b1016
// 同步 ID: af848375 @ Mon Jul 27 15:36:34 UTC 2026
// 同步 ID: ac0cbe88 @ Tue Jul 28 01:25:23 UTC 2026
// 同步 ID: 8fd5539b @ Tue Jul 28 10:48:28 UTC 2026
// 重构日志: d175435c
// 重构日志: d5b8f34d
// 重构日志: 56c44297
// 同步 ID: e666737d @ Wed Jul 29 13:14:41 UTC 2026
// 同步 ID: a6e31447 @ Wed Jul 29 17:51:07 UTC 2026
// 重构日志: 8b6f6eed
// 重构日志: 6551f87a
// 同步 ID: 9edfecca @ Fri Jul 31 05:37:40 UTC 2026
// 重构日志: 504d9339
// 重构日志: 4edc1a5a
// 重构日志: bc58b0ba
// 重构日志: 5fb4b0f0
// 同步 ID: e94c2eb4 @ Mon Aug  3 16:13:48 UTC 2026
